{
  "version": "1.5.0",
  "plugins_used": [
    {
      "name": "ArtifactoryDetector"
    },
    {
      "name": "AWSKeyDetector"
    },
    {
      "name": "AzureStorageKeyDetector"
    },
    {
      "name": "Base64HighEntropyString",
      "limit": 4.5
    },
    {
      "name": "BasicAuthDetector"
    },
    {
      "name": "CloudantDetector"
    },
    {
      "name": "DiscordBotTokenDetector"
    },
    {
      "name": "GitHubTokenDetector"
    },
    {
      "name": "GitLabTokenDetector"
    },
    {
      "name": "HexHighEntropyString",
      "limit": 3.0
    },
    {
      "name": "IbmCloudIamDetector"
    },
    {
      "name": "IbmCosHmacDetector"
    },
    {
      "name": "IPPublicDetector"
    },
    {
      "name": "JwtTokenDetector"
    },
    {
      "name": "KeywordDetector",
      "keyword_exclude": ""
    },
    {
      "name": "MailchimpDetector"
    },
    {
      "name": "NpmDetector"
    },
    {
      "name": "OpenAIDetector"
    },
    {
      "name": "PrivateKeyDetector"
    },
    {
      "name": "PypiTokenDetector"
    },
    {
      "name": "SendGridDetector"
    },
    {
      "name": "SlackDetector"
    },
    {
      "name": "SoftlayerDetector"
    },
    {
      "name": "SquareOAuthDetector"
    },
    {
      "name": "StripeDetector"
    },
    {
      "name": "TelegramBotTokenDetector"
    },
    {
      "name": "TwilioKeyDetector"
    }
  ],
  "filters_used": [
    {
      "path": "detect_secrets.filters.allowlist.is_line_allowlisted"
    },
    {
      "path": "detect_secrets.filters.common.is_ignored_due_to_verification_policies",
      "min_level": 2
    },
    {
      "path": "detect_secrets.filters.heuristic.is_indirect_reference"
    },
    {
      "path": "detect_secrets.filters.heuristic.is_likely_id_string"
    },
    {
      "path": "detect_secrets.filters.heuristic.is_lock_file"
    },
    {
      "path": "detect_secrets.filters.heuristic.is_not_alphanumeric_string"
    },
    {
      "path": "detect_secrets.filters.heuristic.is_potential_uuid"
    },
    {
      "path": "detect_secrets.filters.heuristic.is_prefixed_with_dollar_sign"
    },
    {
      "path": "detect_secrets.filters.heuristic.is_sequential_string"
    },
    {
      "path": "detect_secrets.filters.heuristic.is_swagger_file"
    },
    {
      "path": "detect_secrets.filters.heuristic.is_templated_secret"
    }
  ],
  "results": {
    "app\\ui\\registration.js": [
      {
        "type": "Secret Keyword",
        "filename": "app\\ui\\registration.js",
        "hashed_secret": "49d4c168be5447e93f5ffcedc623bee5835a687a",
        "is_verified": false,
        "line_number": 11
      },
      {
        "type": "Secret Keyword",
        "filename": "app\\ui\\registration.js",
        "hashed_secret": "e7b0c87e073a7ecf00fe86b904ba508629b8500a",
        "is_verified": false,
        "line_number": 24
      }
    ],
    "app\\ui\\setup.html": [
      {
        "type": "Secret Keyword",
        "filename": "app\\ui\\setup.html",
        "hashed_secret": "8be3c943b1609fffbfc51aad666d0a04adf83c9d",
        "is_verified": false,
        "line_number": 96
      },
      {
        "type": "Secret Keyword",
        "filename": "app\\ui\\setup.html",
        "hashed_secret": "2fde1eae8473e5850b278ac2134f892118c429fd",
        "is_verified": false,
        "line_number": 97
      },
      {
        "type": "Secret Keyword",
        "filename": "app\\ui\\setup.html",
        "hashed_secret": "d5d8e871ce55a4108305db825ce4475e782f8fb3",
        "is_verified": false,
        "line_number": 106
      },
      {
        "type": "Secret Keyword",
        "filename": "app\\ui\\setup.html",
        "hashed_secret": "0087a18320d94dfa09f4d9a9bbbf7d49005a5cbf",
        "is_verified": false,
        "line_number": 117
      }
    ],
    "tests\\test_first_run_wizard.py": [
      {
        "type": "Secret Keyword",
        "filename": "tests\\test_first_run_wizard.py",
        "hashed_secret": "d7741bbd5e414a814e0e369ab219dab71fc4324d",
        "is_verified": false,
        "line_number": 74
      },
      {
        "type": "Secret Keyword",
        "filename": "tests\\test_first_run_wizard.py",
        "hashed_secret": "44b75497466cdc5e84ea801840bc399457ac3f44",
        "is_verified": false,
        "line_number": 76
      },
      {
        "type": "Secret Keyword",
        "filename": "tests\\test_first_run_wizard.py",
        "hashed_secret": "4b83a70bafa078595bbb17574e360f2ed962804d",
        "is_verified": false,
        "line_number": 77
      }
    ]
  },
  "generated_at": "2026-08-27T15:56:49Z"
}
